1	1	0	489
1	1	1	310
1	1	2	470.797
1	1	3	238
1	1	4	3310.74
1	1	5	1672.38
1	1	6	677
1	0	7	0.140682
1	1	8	419
1	1	10	560921
1	1	11	2651
1	1	12	78
1	1	13	559
1	1	14	19858
1	1	15	1142
1	1	16	0
1	1	17	98
1	1	18	15
1	1	19	225
1	1	20	0
1	1	22	0
1	1	23	0
1	1	24	0
1	1	25	777
1	1	21	75.3495
