1	1	0	30
1	2	0	18
1	3	0	14
1	4	0	13
1	1	14	39
1	2	14	52
1	3	14	44
1	4	14	38
