1	1	0	64
1	2	0	136
1	1	3	49
1	2	3	119
1	1	11	226
1	2	11	685
1	1	12	274
1	2	12	1170
1	1	13	119
1	2	13	499
1	1	14	791
1	2	14	1858
1	1	15	183
1	2	15	463
1	1	18	4
1	2	18	0
1	1	19	0
1	2	19	0
