1	1	0	30
1	2	0	16
1	3	0	14
1	4	0	16
1	1	3	8
1	2	3	11
1	3	3	12
1	4	3	11
1	1	14	0
1	2	14	3
1	3	14	17
1	4	14	22
1	1	5	29.0254
1	2	5	53.2747
1	3	5	86.5646
1	4	5	62.2266
2	1	0	30
2	2	0	17
2	3	0	14
2	4	0	13
2	1	3	0
2	2	3	0
2	3	3	0
2	4	3	0
2	1	14	0
2	2	14	0
2	3	14	0
2	4	14	0
2	1	5	0
2	2	5	0
2	3	5	0
2	4	5	0
